
> techproc@0.0.0 build
> tsc -b && vite build

src/modules/infrastructure/services/software.service.ts(5,5): error TS2305: Module '"../types"' has no exported member 'CreateSoftwareData'.
src/modules/infrastructure/services/software.service.ts(6,5): error TS2305: Module '"../types"' has no exported member 'UpdateSoftwareData'.
src/modules/lms/pages/CoursesPage.tsx(150,15): error TS2322: Type '{ key: string; course: Course; index: number; onView: (course: Course) => void; onEdit: (course: any) => void; onDelete: (course: Course) => void; }' is not assignable to type 'IntrinsicAttributes & CourseCardProps'.
  Property 'onEdit' does not exist on type 'IntrinsicAttributes & CourseCardProps'.
src/modules/lms/pages/CoursesPage.tsx(150,24): error TS7006: Parameter 'course' implicitly has an 'any' type.
src/modules/tickets/components/EscalateTicketModal.tsx(178,7): error TS2554: Expected 4 arguments, but got 0.
src/modules/web/pages/WebDashboardPage.tsx(2,53): error TS6196: 'Alert' is declared but never used.
src/modules/web/pages/WebDashboardPage.tsx(14,3): error TS6133: 'alertsService' is declared but its value is never read.
